
> qrydex@0.1.0 build
> next build

▲ Next.js 16.1.1 (Turbopack)
- Environments: .env.local, .env

⚠ The "middleware" file convention is deprecated. Please use "proxy" instead. Learn more: https://nextjs.org/docs/messages/middleware-to-proxy
  Creating an optimized production build ...
✓ Compiled successfully in 30.4s
  Running TypeScript ...
Failed to compile.

.next/dev/types/validator.ts:17:3
Type error: Cannot find name 'AppRoutes'.

[0m [90m 15 |[39m
 [90m 16 |[39m
[31m[1m>[22m[39m[90m 17 |[39m { [33mAppRoutes[39m[33m,[39m [33mLayoutRoutes[39m[33m,[39m [33mParamMap[39m[33m,[39m [33mAppRouteHandlerRoutes[39m } [36mfrom[39m [32m"./routes.js"[39m
 [90m    |[39m   [31m[1m^[22m[39m
 [90m 18 |[39m [36mimport[39m type { [33mResolvingMetadata[39m[33m,[39m [33mResolvingViewport[39m } [36mfrom[39m [32m"next/types.js"[39m
 [90m 19 |[39m [36mimport[39m type { [33mNextRequest[39m } [36mfrom[39m [32m'next/server.js'[39m
 [90m 20 |[39m[0m
Next.js build worker exited with code: 1 and signal: null
